2
6.5
25
5
1.25
0
3375
0.1

true
false
true
false
true
true
false
true
true
false
